Archive member included to satisfy reference by file (symbol)

C:/ST/STM32CubeIDE_2.1.1/STM32CubeIDE/plugins/com.st.stm32cube.ide.mcu.externaltools.gnu-tools-for-stm32.14.3.rel1.win32_1.0.100.202602081740/tools/bin/../lib/gcc/arm-none-eabi/14.3.1/../../../../arm-none-eabi/lib/thumb/v7e-m+dp/hard\libc_nano.a(libc_a-exit.o)
                              C:/ST/STM32CubeIDE_2.1.1/STM32CubeIDE/plugins/com.st.stm32cube.ide.mcu.externaltools.gnu-tools-for-stm32.14.3.rel1.win32_1.0.100.202602081740/tools/bin/../lib/gcc/arm-none-eabi/14.3.1/../../../../arm-none-eabi/lib/thumb/v7e-m+dp/hard/crt0.o (exit)
C:/ST/STM32CubeIDE_2.1.1/STM32CubeIDE/plugins/com.st.stm32cube.ide.mcu.externaltools.gnu-tools-for-stm32.14.3.rel1.win32_1.0.100.202602081740/tools/bin/../lib/gcc/arm-none-eabi/14.3.1/../../../../arm-none-eabi/lib/thumb/v7e-m+dp/hard\libc_nano.a(libc_a-findfp.o)
                              C:/ST/STM32CubeIDE_2.1.1/STM32CubeIDE/plugins/com.st.stm32cube.ide.mcu.externaltools.gnu-tools-for-stm32.14.3.rel1.win32_1.0.100.202602081740/tools/bin/../lib/gcc/arm-none-eabi/14.3.1/../../../../arm-none-eabi/lib/thumb/v7e-m+dp/hard\libc_nano.a(libc_a-exit.o) (__stdio_exit_handler)
C:/ST/STM32CubeIDE_2.1.1/STM32CubeIDE/plugins/com.st.stm32cube.ide.mcu.externaltools.gnu-tools-for-stm32.14.3.rel1.win32_1.0.100.202602081740/tools/bin/../lib/gcc/arm-none-eabi/14.3.1/../../../../arm-none-eabi/lib/thumb/v7e-m+dp/hard\libc_nano.a(libc_a-fwalk.o)
                              C:/ST/STM32CubeIDE_2.1.1/STM32CubeIDE/plugins/com.st.stm32cube.ide.mcu.externaltools.gnu-tools-for-stm32.14.3.rel1.win32_1.0.100.202602081740/tools/bin/../lib/gcc/arm-none-eabi/14.3.1/../../../../arm-none-eabi/lib/thumb/v7e-m+dp/hard\libc_nano.a(libc_a-findfp.o) (_fwalk_sglue)
C:/ST/STM32CubeIDE_2.1.1/STM32CubeIDE/plugins/com.st.stm32cube.ide.mcu.externaltools.gnu-tools-for-stm32.14.3.rel1.win32_1.0.100.202602081740/tools/bin/../lib/gcc/arm-none-eabi/14.3.1/../../../../arm-none-eabi/lib/thumb/v7e-m+dp/hard\libc_nano.a(libc_a-stdio.o)
                              C:/ST/STM32CubeIDE_2.1.1/STM32CubeIDE/plugins/com.st.stm32cube.ide.mcu.externaltools.gnu-tools-for-stm32.14.3.rel1.win32_1.0.100.202602081740/tools/bin/../lib/gcc/arm-none-eabi/14.3.1/../../../../arm-none-eabi/lib/thumb/v7e-m+dp/hard\libc_nano.a(libc_a-findfp.o) (__sread)
C:/ST/STM32CubeIDE_2.1.1/STM32CubeIDE/plugins/com.st.stm32cube.ide.mcu.externaltools.gnu-tools-for-stm32.14.3.rel1.win32_1.0.100.202602081740/tools/bin/../lib/gcc/arm-none-eabi/14.3.1/../../../../arm-none-eabi/lib/thumb/v7e-m+dp/hard\libc_nano.a(libc_a-memset.o)
                              C:/ST/STM32CubeIDE_2.1.1/STM32CubeIDE/plugins/com.st.stm32cube.ide.mcu.externaltools.gnu-tools-for-stm32.14.3.rel1.win32_1.0.100.202602081740/tools/bin/../lib/gcc/arm-none-eabi/14.3.1/../../../../arm-none-eabi/lib/thumb/v7e-m+dp/hard/crt0.o (memset)
C:/ST/STM32CubeIDE_2.1.1/STM32CubeIDE/plugins/com.st.stm32cube.ide.mcu.externaltools.gnu-tools-for-stm32.14.3.rel1.win32_1.0.100.202602081740/tools/bin/../lib/gcc/arm-none-eabi/14.3.1/../../../../arm-none-eabi/lib/thumb/v7e-m+dp/hard\libc_nano.a(libc_a-closer.o)
                              C:/ST/STM32CubeIDE_2.1.1/STM32CubeIDE/plugins/com.st.stm32cube.ide.mcu.externaltools.gnu-tools-for-stm32.14.3.rel1.win32_1.0.100.202602081740/tools/bin/../lib/gcc/arm-none-eabi/14.3.1/../../../../arm-none-eabi/lib/thumb/v7e-m+dp/hard\libc_nano.a(libc_a-stdio.o) (_close_r)
C:/ST/STM32CubeIDE_2.1.1/STM32CubeIDE/plugins/com.st.stm32cube.ide.mcu.externaltools.gnu-tools-for-stm32.14.3.rel1.win32_1.0.100.202602081740/tools/bin/../lib/gcc/arm-none-eabi/14.3.1/../../../../arm-none-eabi/lib/thumb/v7e-m+dp/hard\libc_nano.a(libc_a-reent.o)
                              C:/ST/STM32CubeIDE_2.1.1/STM32CubeIDE/plugins/com.st.stm32cube.ide.mcu.externaltools.gnu-tools-for-stm32.14.3.rel1.win32_1.0.100.202602081740/tools/bin/../lib/gcc/arm-none-eabi/14.3.1/../../../../arm-none-eabi/lib/thumb/v7e-m+dp/hard\libc_nano.a(libc_a-closer.o) (errno)
C:/ST/STM32CubeIDE_2.1.1/STM32CubeIDE/plugins/com.st.stm32cube.ide.mcu.externaltools.gnu-tools-for-stm32.14.3.rel1.win32_1.0.100.202602081740/tools/bin/../lib/gcc/arm-none-eabi/14.3.1/../../../../arm-none-eabi/lib/thumb/v7e-m+dp/hard\libc_nano.a(libc_a-impure.o)
                              C:/ST/STM32CubeIDE_2.1.1/STM32CubeIDE/plugins/com.st.stm32cube.ide.mcu.externaltools.gnu-tools-for-stm32.14.3.rel1.win32_1.0.100.202602081740/tools/bin/../lib/gcc/arm-none-eabi/14.3.1/../../../../arm-none-eabi/lib/thumb/v7e-m+dp/hard\libc_nano.a(libc_a-reent.o) (_impure_ptr)
C:/ST/STM32CubeIDE_2.1.1/STM32CubeIDE/plugins/com.st.stm32cube.ide.mcu.externaltools.gnu-tools-for-stm32.14.3.rel1.win32_1.0.100.202602081740/tools/bin/../lib/gcc/arm-none-eabi/14.3.1/../../../../arm-none-eabi/lib/thumb/v7e-m+dp/hard\libc_nano.a(libc_a-lseekr.o)
[...]
Memory Configuration

Name             Origin             Length             Attributes
RAM_D1           0x24000000         0x00080000         xrw
FLASH            0x08000000         0x00100000         xr
DTCMRAM          0x20000000         0x00020000         xrw
RAM_D2           0x30000000         0x00048000         xrw
RAM_D3           0x38000000         0x00010000         xrw
ITCMRAM          0x00000000         0x00010000         xrw
*default*        0x00000000         0xffffffff

Linker script and memory map

LOAD C:/ST/STM32CubeIDE_2.1.1/STM32CubeIDE/plugins/com.st.stm32cube.ide.mcu.externaltools.gnu-tools-for-stm32.14.3.rel1.win32_1.0.100.202602081740/tools/bin/../lib/gcc/arm-none-eabi/14.3.1/thumb/v7e-m+dp/hard/crti.o
LOAD C:/ST/STM32CubeIDE_2.1.1/STM32CubeIDE/plugins/com.st.stm32cube.ide.mcu.externaltools.gnu-tools-for-stm32.14.3.rel1.win32_1.0.100.202602081740/tools/bin/../lib/gcc/arm-none-eabi/14.3.1/thumb/v7e-m+dp/hard/crtbegin.o
LOAD C:/ST/STM32CubeIDE_2.1.1/STM32CubeIDE/plugins/com.st.stm32cube.ide.mcu.externaltools.gnu-tools-for-stm32.14.3.rel1.win32_1.0.100.202602081740/tools/bin/../lib/gcc/arm-none-eabi/14.3.1/../../../../arm-none-eabi/lib/thumb/v7e-m+dp/hard/crt0.o
LOAD ./App/Src/App.o
LOAD ./Common/Src/system_stm32h7xx_dualcore_boot_cm4_cm7.o
LOAD ./Config/McalGpio_Cfg.o
LOAD ./Core/Src/gpio.o
LOAD ./Core/Src/main.o
LOAD ./Core/Src/stm32h7xx_hal_msp.o
LOAD ./Core/Src/stm32h7xx_it.o
LOAD ./Core/Src/syscalls.o
LOAD ./Core/Src/sysmem.o
LOAD ./Core/Src/tim.o
LOAD ./Core/Startup/startup_stm32h745xihx.o
LOAD ./Drivers/STM32H7xx_HAL_Driver/stm32h7xx_hal.o
LOAD ./Drivers/STM32H7xx_HAL_Driver/stm32h7xx_hal_cortex.o
LOAD ./Drivers/STM32H7xx_HAL_Driver/stm32h7xx_hal_dma.o
LOAD ./Drivers/STM32H7xx_HAL_Driver/stm32h7xx_hal_dma_ex.o
LOAD ./Drivers/STM32H7xx_HAL_Driver/stm32h7xx_hal_exti.o
LOAD ./Drivers/STM32H7xx_HAL_Driver/stm32h7xx_hal_flash.o
LOAD ./Drivers/STM32H7xx_HAL_Driver/stm32h7xx_hal_flash_ex.o
LOAD ./Drivers/STM32H7xx_HAL_Driver/stm32h7xx_hal_gpio.o
LOAD ./Drivers/STM32H7xx_HAL_Driver/stm32h7xx_hal_hsem.o
LOAD ./Drivers/STM32H7xx_HAL_Driver/stm32h7xx_hal_i2c.o
LOAD ./Drivers/STM32H7xx_HAL_Driver/stm32h7xx_hal_i2c_ex.o
LOAD ./Drivers/STM32H7xx_HAL_Driver/stm32h7xx_hal_mdma.o
LOAD ./Drivers/STM32H7xx_HAL_Driver/stm32h7xx_hal_pwr.o
LOAD ./Drivers/STM32H7xx_HAL_Driver/stm32h7xx_hal_pwr_ex.o
LOAD ./Drivers/STM32H7xx_HAL_Driver/stm32h7xx_hal_rcc.o
LOAD ./Drivers/STM32H7xx_HAL_Driver/stm32h7xx_hal_rcc_ex.o
LOAD ./Drivers/STM32H7xx_HAL_Driver/stm32h7xx_hal_tim.o
LOAD ./Drivers/STM32H7xx_HAL_Driver/stm32h7xx_hal_tim_ex.o
LOAD ./Mcal/Src/McalGpio.o
LOAD ./Mcal/Src/McalTime.o
LOAD ./Platform/Src/MiniEcu.o
LOAD ./Service/Src/Scheduler.o
START GROUP
LOAD C:/ST/STM32CubeIDE_2.1.1/STM32CubeIDE/plugins/com.st.stm32cube.ide.mcu.externaltools.gnu-tools-for-stm32.14.3.rel1.win32_1.0.100.202602081740/tools/bin/../lib/gcc/arm-none-eabi/14.3.1/../../../../arm-none-eabi/lib/thumb/v7e-m+dp/hard\libc_nano.a
LOAD C:/ST/STM32CubeIDE_2.1.1/STM32CubeIDE/plugins/com.st.stm32cube.ide.mcu.externaltools.gnu-tools-for-stm32.14.3.rel1.win32_1.0.100.202602081740/tools/bin/../lib/gcc/arm-none-eabi/14.3.1/../../../../arm-none-eabi/lib/thumb/v7e-m+dp/hard\libm.a
END GROUP
START GROUP
LOAD C:/ST/STM32CubeIDE_2.1.1/STM32CubeIDE/plugins/com.st.stm32cube.ide.mcu.externaltools.gnu-tools-for-stm32.14.3.rel1.win32_1.0.100.202602081740/tools/bin/../lib/gcc/arm-none-eabi/14.3.1/thumb/v7e-m+dp/hard\libgcc.a
LOAD C:/ST/STM32CubeIDE_2.1.1/STM32CubeIDE/plugins/com.st.stm32cube.ide.mcu.externaltools.gnu-tools-for-stm32.14.3.rel1.win32_1.0.100.202602081740/tools/bin/../lib/gcc/arm-none-eabi/14.3.1/../../../../arm-none-eabi/lib/thumb/v7e-m+dp/hard\libc_nano.a
END GROUP
START GROUP
LOAD C:/ST/STM32CubeIDE_2.1.1/STM32CubeIDE/plugins/com.st.stm32cube.ide.mcu.externaltools.gnu-tools-for-stm32.14.3.rel1.win32_1.0.100.202602081740/tools/bin/../lib/gcc/arm-none-eabi/14.3.1/thumb/v7e-m+dp/hard\libgcc.a
LOAD C:/ST/STM32CubeIDE_2.1.1/STM32CubeIDE/plugins/com.st.stm32cube.ide.mcu.externaltools.gnu-tools-for-stm32.14.3.rel1.win32_1.0.100.202602081740/tools/bin/../lib/gcc/arm-none-eabi/14.3.1/../../../../arm-none-eabi/lib/thumb/v7e-m+dp/hard\libc_nano.a
LOAD C:/ST/STM32CubeIDE_2.1.1/STM32CubeIDE/plugins/com.st.stm32cube.ide.mcu.externaltools.gnu-tools-for-stm32.14.3.rel1.win32_1.0.100.202602081740/tools/bin/../lib/gcc/arm-none-eabi/14.3.1/../../../../arm-none-eabi/lib/thumb/v7e-m+dp/hard\libnosys.a
END GROUP
START GROUP
LOAD C:/ST/STM32CubeIDE_2.1.1/STM32CubeIDE/plugins/com.st.stm32cube.ide.mcu.externaltools.gnu-tools-for-stm32.14.3.rel1.win32_1.0.100.202602081740/tools/bin/../lib/gcc/arm-none-eabi/14.3.1/thumb/v7e-m+dp/hard\libgcc.a
LOAD C:/ST/STM32CubeIDE_2.1.1/STM32CubeIDE/plugins/com.st.stm32cube.ide.mcu.externaltools.gnu-tools-for-stm32.14.3.rel1.win32_1.0.100.202602081740/tools/bin/../lib/gcc/arm-none-eabi/14.3.1/../../../../arm-none-eabi/lib/thumb/v7e-m+dp/hard\libc_nano.a
LOAD C:/ST/STM32CubeIDE_2.1.1/STM32CubeIDE/plugins/com.st.stm32cube.ide.mcu.externaltools.gnu-tools-for-stm32.14.3.rel1.win32_1.0.100.202602081740/tools/bin/../lib/gcc/arm-none-eabi/14.3.1/../../../../arm-none-eabi/lib/thumb/v7e-m+dp/hard\libnosys.a
END GROUP
LOAD C:/ST/STM32CubeIDE_2.1.1/STM32CubeIDE/plugins/com.st.stm32cube.ide.mcu.externaltools.gnu-tools-for-stm32.14.3.rel1.win32_1.0.100.202602081740/tools/bin/../lib/gcc/arm-none-eabi/14.3.1/thumb/v7e-m+dp/hard/crtend.o
LOAD C:/ST/STM32CubeIDE_2.1.1/STM32CubeIDE/plugins/com.st.stm32cube.ide.mcu.externaltools.gnu-tools-for-stm32.14.3.rel1.win32_1.0.100.202602081740/tools/bin/../lib/gcc/arm-none-eabi/14.3.1/thumb/v7e-m+dp/hard/crtn.o
                0x24080000                        _estack = (ORIGIN (RAM_D1) + LENGTH (RAM_D1))
                0x00000200                        _Min_Heap_Size = 0x200
                0x00000400                        _Min_Stack_Size = 0x400

.isr_vector     0x08000000      0x298
                0x08000000                        . = ALIGN (0x4)
 *(.isr_vector)
 .isr_vector    0x08000000      0x298 ./Core/Startup/startup_stm32h745xihx.o
                0x08000000                g_pfnVectors
                0x08000298                        . = ALIGN (0x4)

.text           0x08000298     0x2af8
                0x08000298                        . = ALIGN (0x4)
 *(.text)
 .text          0x08000298       0x40 C:/ST/STM32CubeIDE_2.1.1/STM32CubeIDE/plugins/com.st.stm32cube.ide.mcu.externaltools.gnu-tools-for-stm32.14.3.rel1.win32_1.0.100.202602081740/tools/bin/../lib/gcc/arm-none-eabi/14.3.1/thumb/v7e-m+dp/hard/crtbegin.o
 *(.text*)
 .text.App_Init
                0x080002d8        0xe ./App/Src/App.o
                0x080002d8                App_Init
 .text.App_MainFunction_500ms
                0x080002e6        0xe ./App/Src/App.o
                0x080002e6                App_MainFunction_500ms
 .text.App_MainFunction_1000ms
                0x080002f4        0xe ./App/Src/App.o
                0x080002f4                App_MainFunction_1000ms
 *fill*         0x08000302        0x2 
 .text.SystemInit
                0x08000304      0x15c ./Common/Src/system_stm32h7xx_dualcore_boot_cm4_cm7.o
                0x08000304                SystemInit
 .text.ExitRun0Mode
                0x08000460       0x18 ./Common/Src/system_stm32h7xx_dualcore_boot_cm4_cm7.o
                0x08000460                ExitRun0Mode
 .text.MX_GPIO_Init
                0x08000478       0xb8 ./Core/Src/gpio.o
                0x08000478                MX_GPIO_Init
 .text.main     0x08000530       0xb0 ./Core/Src/main.o
                0x08000530                main
 .text.SystemClock_Config
                0x080005e0       0xf8 ./Core/Src/main.o
                0x080005e0                SystemClock_Config
 .text.HAL_TIM_PeriodElapsedCallback
                0x080006d8       0x24 ./Core/Src/main.o
                0x080006d8                HAL_TIM_PeriodElapsedCallback
 .text.MPU_Config
                0x080006fc       0x58 ./Core/Src/main.o
 .text.Error_Handler
                0x08000754        0xc ./Core/Src/main.o
                0x08000754                Error_Handler
 .text.HAL_MspInit
                0x08000760       0x34 ./Core/Src/stm32h7xx_hal_msp.o
                0x08000760                HAL_MspInit
 .text.NMI_Handler
                0x08000794        0x8 ./Core/Src/stm32h7xx_it.o
                0x08000794                NMI_Handler
 .text.HardFault_Handler
                0x0800079c        0x8 ./Core/Src/stm32h7xx_it.o
                0x0800079c                HardFault_Handler
 .text.MemManage_Handler
                0x080007a4        0x8 ./Core/Src/stm32h7xx_it.o
                0x080007a4                MemManage_Handler
 .text.BusFault_Handler
                0x080007ac        0x8 ./Core/Src/stm32h7xx_it.o
                0x080007ac                BusFault_Handler
 .text.UsageFault_Handler
                0x080007b4        0x8 ./Core/Src/stm32h7xx_it.o
                0x080007b4                UsageFault_Handler
 .text.SVC_Handler
                0x080007bc        0xe ./Core/Src/stm32h7xx_it.o
                0x080007bc                SVC_Handler
 .text.DebugMon_Handler
                0x080007ca        0xe ./Core/Src/stm32h7xx_it.o
                0x080007ca                DebugMon_Handler
 .text.PendSV_Handler
                0x080007d8        0xe ./Core/Src/stm32h7xx_it.o
                0x080007d8                PendSV_Handler
 .text.SysTick_Handler
                0x080007e6        0xc ./Core/Src/stm32h7xx_it.o
                0x080007e6                SysTick_Handler
 *fill*         0x080007f2        0x2 
 .text.TIM3_IRQHandler
                0x080007f4       0x14 ./Core/Src/stm32h7xx_it.o
                0x080007f4                TIM3_IRQHandler
 .text.MX_TIM3_Init
                0x08000808       0xa0 ./Core/Src/tim.o
                0x08000808                MX_TIM3_Init
 .text.HAL_TIM_Base_MspInit
                0x080008a8       0x50 ./Core/Src/tim.o
                0x080008a8                HAL_TIM_Base_MspInit
 .text.Reset_Handler
                0x080008f8       0x54 ./Core/Startup/startup_stm32h745xihx.o
                0x080008f8                Reset_Handler
 .text.Default_Handler
                0x0800094c        0x2 ./Core/Startup/startup_stm32h745xihx.o
                0x0800094c                RTC_Alarm_IRQHandler
                0x0800094c                EXTI2_IRQHandler
                0x0800094c                TIM8_CC_IRQHandler
                0x0800094c                HRTIM1_Master_IRQHandler
                0x0800094c                UART8_IRQHandler
                0x0800094c                SPI4_IRQHandler
                0x0800094c                TIM1_CC_IRQHandler
                0x0800094c                BDMA_Channel6_IRQHandler
                0x0800094c                DMA2_Stream5_IRQHandler
                0x0800094c                HRTIM1_FLT_IRQHandler
                0x0800094c                JPEG_IRQHandler
                0x0800094c                DMA1_Stream5_IRQHandler
                0x0800094c                BDMA_Channel1_IRQHandler
                0x0800094c                HRTIM1_TIMD_IRQHandler
                0x0800094c                TAMP_STAMP_IRQHandler
                0x0800094c                EXTI3_IRQHandler
                0x0800094c                LPTIM4_IRQHandler
                0x0800094c                TIM8_TRG_COM_TIM14_IRQHandler
                0x0800094c                LPTIM2_IRQHandler
                0x0800094c                DFSDM1_FLT1_IRQHandler
                0x0800094c                DMAMUX2_OVR_IRQHandler
                0x0800094c                TIM8_UP_TIM13_IRQHandler
                0x0800094c                I2C3_ER_IRQHandler
                0x0800094c                DFSDM1_FLT2_IRQHandler
                0x0800094c                MDMA_IRQHandler
                0x0800094c                LPTIM3_IRQHandler
                0x0800094c                HSEM1_IRQHandler
                0x0800094c                EXTI0_IRQHandler
                0x0800094c                I2C2_EV_IRQHandler
                0x0800094c                DMA1_Stream2_IRQHandler
                0x0800094c                FPU_IRQHandler
                0x0800094c                OTG_HS_WKUP_IRQHandler
                0x0800094c                FDCAN1_IT1_IRQHandler
                0x0800094c                LTDC_ER_IRQHandler
                0x0800094c                DMA2_Stream2_IRQHandler
                0x0800094c                HRTIM1_TIME_IRQHandler
                0x0800094c                SPI1_IRQHandler
                0x0800094c                TIM6_DAC_IRQHandler
                0x0800094c                DCMI_IRQHandler
                0x0800094c                HRTIM1_TIMC_IRQHandler
                0x0800094c                DMA2_Stream3_IRQHandler
                0x0800094c                SAI2_IRQHandler
                0x0800094c                DFSDM1_FLT3_IRQHandler
                0x0800094c                USART6_IRQHandler
                0x0800094c                TIM17_IRQHandler
                0x0800094c                USART3_IRQHandler
                0x0800094c                BDMA_Channel7_IRQHandler
                0x0800094c                LPTIM5_IRQHandler
                0x0800094c                UART5_IRQHandler
                0x0800094c                ADC3_IRQHandler
                0x0800094c                DMA2_Stream0_IRQHandler
                0x0800094c                TIM4_IRQHandler
                0x0800094c                BDMA_Channel2_IRQHandler
                0x0800094c                QUADSPI_IRQHandler
                0x0800094c                I2C1_EV_IRQHandler
                0x0800094c                DMA1_Stream6_IRQHandler
                0x0800094c                DMAMUX1_OVR_IRQHandler
                0x0800094c                DMA1_Stream1_IRQHandler
                0x0800094c                TIM16_IRQHandler
                0x0800094c                UART4_IRQHandler
                0x0800094c                BDMA_Channel5_IRQHandler
                0x0800094c                RCC_IRQHandler
                0x0800094c                TIM8_BRK_TIM12_IRQHandler
                0x0800094c                TIM1_TRG_COM_IRQHandler
                0x0800094c                Default_Handler
                0x0800094c                ECC_IRQHandler
                0x0800094c                CEC_IRQHandler
                0x0800094c                EXTI15_10_IRQHandler
                0x0800094c                BDMA_Channel0_IRQHandler
                0x0800094c                ADC_IRQHandler
                0x0800094c                DMA1_Stream7_IRQHandler
                0x0800094c                HRTIM1_TIMA_IRQHandler
                0x0800094c                SPI5_IRQHandler
                0x0800094c                TIM7_IRQHandler
                0x0800094c                SDMMC1_IRQHandler
                0x0800094c                TIM5_IRQHandler
                0x0800094c                DMA2_Stream7_IRQHandler
                0x0800094c                TIM15_IRQHandler
                0x0800094c                PVD_AVD_IRQHandler
                0x0800094c                I2C3_EV_IRQHandler
                0x0800094c                EXTI9_5_IRQHandler
                0x0800094c                RTC_WKUP_IRQHandler
                0x0800094c                LTDC_IRQHandler
                0x0800094c                SAI3_IRQHandler
                0x0800094c                ETH_WKUP_IRQHandler
                0x0800094c                SPDIF_RX_IRQHandler
                0x0800094c                SPI2_IRQHandler
                0x0800094c                OTG_HS_EP1_IN_IRQHandler
                0x0800094c                DMA1_Stream0_IRQHandler
                0x0800094c                CRS_IRQHandler
                0x0800094c                CM7_SEV_IRQHandler
                0x0800094c                EXTI4_IRQHandler
                0x0800094c                RNG_IRQHandler
                0x0800094c                CM4_SEV_IRQHandler
                0x0800094c                HRTIM1_TIMB_IRQHandler
                0x0800094c                FDCAN2_IT1_IRQHandler
                0x0800094c                ETH_IRQHandler
                0x0800094c                TIM1_UP_IRQHandler
                0x0800094c                WWDG_RST_IRQHandler
                0x0800094c                BDMA_Channel4_IRQHandler
                0x0800094c                OTG_HS_EP1_OUT_IRQHandler
                0x0800094c                WWDG_IRQHandler
                0x0800094c                SPI6_IRQHandler
                0x0800094c                MDIOS_IRQHandler
                0x0800094c                I2C4_EV_IRQHandler
                0x0800094c                FDCAN2_IT0_IRQHandler
                0x0800094c                LPUART1_IRQHandler
                0x0800094c                FDCAN1_IT0_IRQHandler
                0x0800094c                TIM2_IRQHandler
                0x0800094c                OTG_FS_WKUP_IRQHandler
                0x0800094c                OTG_HS_IRQHandler
                0x0800094c                HSEM2_IRQHandler
                0x0800094c                DMA2D_IRQHandler
                0x0800094c                TIM1_BRK_IRQHandler
                0x0800094c                EXTI1_IRQHandler
                0x0800094c                SDMMC2_IRQHandler
                0x0800094c                OTG_FS_EP1_OUT_IRQHandler
                0x0800094c                BDMA_Channel3_IRQHandler
                0x0800094c                HOLD_CORE_IRQHandler
                0x0800094c                UART7_IRQHandler
                0x0800094c                MDIOS_WKUP_IRQHandler
                0x0800094c                USART2_IRQHandler
                0x0800094c                DFSDM1_FLT0_IRQHandler
                0x0800094c                SAI4_IRQHandler
                0x0800094c                I2C2_ER_IRQHandler
                0x0800094c                DMA2_Stream1_IRQHandler
                0x0800094c                FLASH_IRQHandler
                0x0800094c                DMA2_Stream4_IRQHandler
                0x0800094c                USART1_IRQHandler
                0x0800094c                OTG_FS_IRQHandler
                0x0800094c                SPI3_IRQHandler
                0x0800094c                WAKEUP_PIN_IRQHandler
                0x0800094c                DMA1_Stream4_IRQHandler
                0x0800094c                OTG_FS_EP1_IN_IRQHandler
                0x0800094c                I2C1_ER_IRQHandler
                0x0800094c                FMC_IRQHandler
                0x0800094c                FDCAN_CAL_IRQHandler
                0x0800094c                SWPMI1_IRQHandler
                0x0800094c                COMP1_IRQHandler
                0x0800094c                LPTIM1_IRQHandler
                0x0800094c                I2C4_ER_IRQHandler
                0x0800094c                DMA2_Stream6_IRQHandler
                0x0800094c                SAI1_IRQHandler
                0x0800094c                DMA1_Stream3_IRQHandler
 *fill*         0x0800094e        0x2 
 .text.HAL_Init
                0x08000950       0x78 ./Drivers/STM32H7xx_HAL_Driver/stm32h7xx_hal.o
                0x08000950                HAL_Init
 .text.HAL_InitTick
                0x080009c8       0x6c ./Drivers/STM32H7xx_HAL_Driver/stm32h7xx_hal.o
                0x080009c8                HAL_InitTick
 .text.HAL_IncTick
                0x08000a34       0x28 ./Drivers/STM32H7xx_HAL_Driver/stm32h7xx_hal.o
                0x08000a34                HAL_IncTick
 .text.HAL_GetTick
                0x08000a5c       0x18 ./Drivers/STM32H7xx_HAL_Driver/stm32h7xx_hal.o
                0x08000a5c                HAL_GetTick
 .text.HAL_GetREVID
                0x08000a74       0x18 ./Drivers/STM32H7xx_HAL_Driver/stm32h7xx_hal.o
                0x08000a74                HAL_GetREVID
 .text.__NVIC_SetPriorityGrouping
                0x08000a8c       0x48 ./Drivers/STM32H7xx_HAL_Driver/stm32h7xx_hal_cortex.o
 .text.__NVIC_GetPriorityGrouping
                0x08000ad4       0x1c ./Drivers/STM32H7xx_HAL_Driver/stm32h7xx_hal_cortex.o
 .text.__NVIC_EnableIRQ
                0x08000af0       0x3c ./Drivers/STM32H7xx_HAL_Driver/stm32h7xx_hal_cortex.o
 .text.__NVIC_SetPriority
                0x08000b2c       0x54 ./Drivers/STM32H7xx_HAL_Driver/stm32h7xx_hal_cortex.o
 .text.NVIC_EncodePriority
                0x08000b80       0x66 ./Drivers/STM32H7xx_HAL_Driver/stm32h7xx_hal_cortex.o
 *fill*         0x08000be6        0x2 
 .text.SysTick_Config
                0x08000be8       0x44 ./Drivers/STM32H7xx_HAL_Driver/stm32h7xx_hal_cortex.o
 .text.HAL_NVIC_SetPriorityGrouping
                0x08000c2c       0x16 ./Drivers/STM32H7xx_HAL_Driver/stm32h7xx_hal_cortex.o
                0x08000c2c                HAL_NVIC_SetPriorityGrouping
 .text.HAL_NVIC_SetPriority
                0x08000c42       0x34 ./Drivers/STM32H7xx_HAL_Driver/stm32h7xx_hal_cortex.o
                0x08000c42                HAL_NVIC_SetPriority
 .text.HAL_NVIC_EnableIRQ
                0x08000c76       0x1c ./Drivers/STM32H7xx_HAL_Driver/stm32h7xx_hal_cortex.o
                0x08000c76                HAL_NVIC_EnableIRQ
 .text.HAL_SYSTICK_Config
                0x08000c92       0x18 ./Drivers/STM32H7xx_HAL_Driver/stm32h7xx_hal_cortex.o
                0x08000c92                HAL_SYSTICK_Config
 *fill*         0x08000caa        0x2 
 .text.HAL_MPU_Disable
                0x08000cac       0x30 ./Drivers/STM32H7xx_HAL_Driver/stm32h7xx_hal_cortex.o
                0x08000cac                HAL_MPU_Disable
 .text.HAL_MPU_Enable
                0x08000cdc       0x40 ./Drivers/STM32H7xx_HAL_Driver/stm32h7xx_hal_cortex.o
                0x08000cdc                HAL_MPU_Enable
 .text.HAL_MPU_ConfigRegion
                0x08000d1c       0x80 ./Drivers/STM32H7xx_HAL_Driver/stm32h7xx_hal_cortex.o
                0x08000d1c                HAL_MPU_ConfigRegion
 .text.HAL_GPIO_Init
                0x08000d9c      0x374 ./Drivers/STM32H7xx_HAL_Driver/stm32h7xx_hal_gpio.o
                0x08000d9c                HAL_GPIO_Init
 .text.HAL_GPIO_WritePin
                0x08001110       0x32 ./Drivers/STM32H7xx_HAL_Driver/stm32h7xx_hal_gpio.o
                0x08001110                HAL_GPIO_WritePin
 .text.HAL_GPIO_TogglePin
                0x08001142       0x34 ./Drivers/STM32H7xx_HAL_Driver/stm32h7xx_hal_gpio.o
                0x08001142                HAL_GPIO_TogglePin
 *fill*         0x08001176        0x2 
 .text.HAL_HSEM_FastTake
                0x08001178       0x34 ./Drivers/STM32H7xx_HAL_Driver/stm32h7xx_hal_hsem.o
                0x08001178                HAL_HSEM_FastTake
 .text.HAL_HSEM_Release
                0x080011ac       0x28 ./Drivers/STM32H7xx_HAL_Driver/stm32h7xx_hal_hsem.o
                0x080011ac                HAL_HSEM_Release
 .text.HAL_PWREx_ConfigSupply
                0x080011d4       0xb4 ./Drivers/STM32H7xx_HAL_Driver/stm32h7xx_hal_pwr_ex.o
                0x080011d4                HAL_PWREx_ConfigSupply
 .text.HAL_RCC_OscConfig
                0x08001288      0x8b4 ./Drivers/STM32H7xx_HAL_Driver/stm32h7xx_hal_rcc.o
                0x08001288                HAL_RCC_OscConfig
 .text.HAL_RCC_ClockConfig
                0x08001b3c      0x36c ./Drivers/STM32H7xx_HAL_Driver/stm32h7xx_hal_rcc.o
                0x08001b3c                HAL_RCC_ClockConfig
 .text.HAL_RCC_GetSysClockFreq
                0x08001ea8      0x2f4 ./Drivers/STM32H7xx_HAL_Driver/stm32h7xx_hal_rcc.o
                0x08001ea8                HAL_RCC_GetSysClockFreq
 .text.HAL_TIM_Base_Init
                0x0800219c       0xae ./Drivers/STM32H7xx_HAL_Driver/stm32h7xx_hal_tim.o
                0x0800219c                HAL_TIM_Base_Init
 *fill*         0x0800224a        0x2 
 .text.HAL_TIM_Base_Start_IT
                0x0800224c       0xf0 ./Drivers/STM32H7xx_HAL_Driver/stm32h7xx_hal_tim.o
                0x0800224c                HAL_TIM_Base_Start_IT
 .text.HAL_TIM_IRQHandler
                0x0800233c      0x20e ./Drivers/STM32H7xx_HAL_Driver/stm32h7xx_hal_tim.o
                0x0800233c                HAL_TIM_IRQHandler
 *fill*         0x0800254a        0x2 
 .text.HAL_TIM_ConfigClockSource
                0x0800254c      0x1f0 ./Drivers/STM32H7xx_HAL_Driver/stm32h7xx_hal_tim.o
                0x0800254c                HAL_TIM_ConfigClockSource
 .text.HAL_TIM_OC_DelayElapsedCallback
                0x0800273c       0x14 ./Drivers/STM32H7xx_HAL_Driver/stm32h7xx_hal_tim.o
                0x0800273c                HAL_TIM_OC_DelayElapsedCallback
 .text.HAL_TIM_IC_CaptureCallback
                0x08002750       0x14 ./Drivers/STM32H7xx_HAL_Driver/stm32h7xx_hal_tim.o
                0x08002750                HAL_TIM_IC_CaptureCallback
 .text.HAL_TIM_PWM_PulseFinishedCallback
                0x08002764       0x14 ./Drivers/STM32H7xx_HAL_Driver/stm32h7xx_hal_tim.o
                0x08002764                HAL_TIM_PWM_PulseFinishedCallback
 .text.HAL_TIM_TriggerCallback
                0x08002778       0x14 ./Drivers/STM32H7xx_HAL_Driver/stm32h7xx_hal_tim.o
                0x08002778                HAL_TIM_TriggerCallback
 .text.TIM_Base_SetConfig
                0x0800278c      0x140 ./Drivers/STM32H7xx_HAL_Driver/stm32h7xx_hal_tim.o
                0x0800278c                TIM_Base_SetConfig
 .text.TIM_TI1_ConfigInputStage
                0x080028cc       0xa8 ./Drivers/STM32H7xx_HAL_Driver/stm32h7xx_hal_tim.o
 .text.TIM_TI2_ConfigInputStage
                0x08002974       0x84 ./Drivers/STM32H7xx_HAL_Driver/stm32h7xx_hal_tim.o
 .text.TIM_ITRx_SetConfig
                0x080029f8       0x3c ./Drivers/STM32H7xx_HAL_Driver/stm32h7xx_hal_tim.o
 .text.TIM_ETR_SetConfig
                0x08002a34       0x40 ./Drivers/STM32H7xx_HAL_Driver/stm32h7xx_hal_tim.o
                0x08002a34                TIM_ETR_SetConfig
 .text.HAL_TIMEx_MasterConfigSynchronization
                0x08002a74      0x11c ./Drivers/STM32H7xx_HAL_Driver/stm32h7xx_hal_tim_ex.o
                0x08002a74                HAL_TIMEx_MasterConfigSynchronization
 .text.HAL_TIMEx_CommutCallback
                0x08002b90       0x14 ./Drivers/STM32H7xx_HAL_Driver/stm32h7xx_hal_tim_ex.o
                0x08002b90                HAL_TIMEx_CommutCallback
 .text.HAL_TIMEx_BreakCallback
                0x08002ba4       0x14 ./Drivers/STM32H7xx_HAL_Driver/stm32h7xx_hal_tim_ex.o
                0x08002ba4                HAL_TIMEx_BreakCallback
 .text.HAL_TIMEx_Break2Callback
                0x08002bb8       0x14 ./Drivers/STM32H7xx_HAL_Driver/stm32h7xx_hal_tim_ex.o
                0x08002bb8                HAL_TIMEx_Break2Callback
 .text.McalGpio_ToggleChannel
                0x08002bcc       0x34 ./Mcal/Src/McalGpio.o
                0x08002bcc                McalGpio_ToggleChannel
 .text.McalTime_GetTickMs
                0x08002c00        0xe ./Mcal/Src/McalTime.o
                0x08002c00                McalTime_GetTickMs
 *fill*         0x08002c0e        0x2 
 .text.MiniEcu_Init
                0x08002c10       0x20 ./Platform/Src/MiniEcu.o
                0x08002c10                MiniEcu_Init
 .text.MiniEcu_MainFunction
                0x08002c30       0x30 ./Platform/Src/MiniEcu.o
                0x08002c30                MiniEcu_MainFunction
 .text.Scheduler_Init
                0x08002c60       0x2c ./Service/Src/Scheduler.o
                0x08002c60                Scheduler_Init
 .text.Scheduler_Tick1ms
                0x08002c8c       0x44 ./Service/Src/Scheduler.o
                0x08002c8c                Scheduler_Tick1ms
 .text.Scheduler_Tick1000ms
                0x08002cd0       0x18 ./Service/Src/Scheduler.o
                0x08002cd0                Scheduler_Tick1000ms
 .text.Scheduler_MainFunction
                0x08002ce8       0x38 ./Service/Src/Scheduler.o
                0x08002ce8                Scheduler_MainFunction
 .text.memset   0x08002d20       0x10 C:/ST/STM32CubeIDE_2.1.1/STM32CubeIDE/plugins/com.st.stm32cube.ide.mcu.externaltools.gnu-tools-for-stm32.14.3.rel1.win32_1.0.100.202602081740/tools/bin/../lib/gcc/arm-none-eabi/14.3.1/../../../../arm-none-eabi/lib/thumb/v7e-m+dp/hard\libc_nano.a(libc_a-memset.o)
                0x08002d20                memset
 .text.__libc_init_array
                0x08002d30       0x48 C:/ST/STM32CubeIDE_2.1.1/STM32CubeIDE/plugins/com.st.stm32cube.ide.mcu.externaltools.gnu-tools-for-stm32.14.3.rel1.win32_1.0.100.202602081740/tools/bin/../lib/gcc/arm-none-eabi/14.3.1/../../../../arm-none-eabi/lib/thumb/v7e-m+dp/hard\libc_nano.a(libc_a-init.o)
                0x08002d30                __libc_init_array
 *(.glue_7)
 .glue_7        0x08002d78        0x0 linker stubs
 *(.glue_7t)
 .glue_7t       0x08002d78        0x0 linker stubs
 *(.eh_frame)
 .eh_frame      0x08002d78        0x0 C:/ST/STM32CubeIDE_2.1.1/STM32CubeIDE/plugins/com.st.stm32cube.ide.mcu.externaltools.gnu-tools-for-stm32.14.3.rel1.win32_1.0.100.202602081740/tools/bin/../lib/gcc/arm-none-eabi/14.3.1/thumb/v7e-m+dp/hard/crtbegin.o
 *(.init)
 .init          0x08002d78        0x4 C:/ST/STM32CubeIDE_2.1.1/STM32CubeIDE/plugins/com.st.stm32cube.ide.mcu.externaltools.gnu-tools-for-stm32.14.3.rel1.win32_1.0.100.202602081740/tools/bin/../lib/gcc/arm-none-eabi/14.3.1/thumb/v7e-m+dp/hard/crti.o
                0x08002d78                _init
 .init          0x08002d7c        0x8 C:/ST/STM32CubeIDE_2.1.1/STM32CubeIDE/plugins/com.st.stm32cube.ide.mcu.externaltools.gnu-tools-for-stm32.14.3.rel1.win32_1.0.100.202602081740/tools/bin/../lib/gcc/arm-none-eabi/14.3.1/thumb/v7e-m+dp/hard/crtn.o
 *(.fini)
 .fini          0x08002d84        0x4 C:/ST/STM32CubeIDE_2.1.1/STM32CubeIDE/plugins/com.st.stm32cube.ide.mcu.externaltools.gnu-tools-for-stm32.14.3.rel1.win32_1.0.100.202602081740/tools/bin/../lib/gcc/arm-none-eabi/14.3.1/thumb/v7e-m+dp/hard/crti.o
                0x08002d84                _fini
 .fini          0x08002d88        0x8 C:/ST/STM32CubeIDE_2.1.1/STM32CubeIDE/plugins/com.st.stm32cube.ide.mcu.externaltools.gnu-tools-for-stm32.14.3.rel1.win32_1.0.100.202602081740/tools/bin/../lib/gcc/arm-none-eabi/14.3.1/thumb/v7e-m+dp/hard/crtn.o
                0x08002d90                        . = ALIGN (0x4)
                0x08002d90                        _etext = .

.vfp11_veneer   0x08002d90        0x0
 .vfp11_veneer  0x08002d90        0x0 linker stubs

.v4_bx          0x08002d90        0x0
 .v4_bx         0x08002d90        0x0 linker stubs

.iplt           0x08002d90        0x0
 .iplt          0x08002d90        0x0 C:/ST/STM32CubeIDE_2.1.1/STM32CubeIDE/plugins/com.st.stm32cube.ide.mcu.externaltools.gnu-tools-for-stm32.14.3.rel1.win32_1.0.100.202602081740/tools/bin/../lib/gcc/arm-none-eabi/14.3.1/thumb/v7e-m+dp/hard/crtbegin.o

.rodata         0x08002d90       0x20
                0x08002d90                        . = ALIGN (0x4)
 *(.rodata)
 *(.rodata*)
 .rodata.D1CorePrescTable
                0x08002d90       0x10 ./Common/Src/system_stm32h7xx_dualcore_boot_cm4_cm7.o
                0x08002d90                D1CorePrescTable
 .rodata.McalGpio_ChannelConfig
                0x08002da0       0x10 ./Config/McalGpio_Cfg.o
                0x08002da0                McalGpio_ChannelConfig
                0x08002db0                        . = ALIGN (0x4)

.ARM.extab      0x08002db0        0x0
                0x08002db0                        . = ALIGN (0x4)
 *(.ARM.extab* .gnu.linkonce.armextab.*)
                0x08002db0                        . = ALIGN (0x4)

.ARM            0x08002db0        0x0
                0x08002db0                        . = ALIGN (0x4)
                0x08002db0                        __exidx_start = .
 *(.ARM.exidx*)
                0x08002db0                        __exidx_end = .
                0x08002db0                        . = ALIGN (0x4)

.preinit_array  0x08002db0        0x0
                0x08002db0                        . = ALIGN (0x4)
                0x08002db0                        PROVIDE (__preinit_array_start = .)
 *(.preinit_array*)
                0x08002db0                        PROVIDE (__preinit_array_end = .)
                0x08002db0                        . = ALIGN (0x4)

.init_array     0x08002db0        0x4
                0x08002db0                        . = ALIGN (0x4)
                0x08002db0                        PROVIDE (__init_array_start = .)
 *(SORT_BY_NAME(.init_array.*))
 *(.init_array*)
 .init_array    0x08002db0        0x4 C:/ST/STM32CubeIDE_2.1.1/STM32CubeIDE/plugins/com.st.stm32cube.ide.mcu.externaltools.gnu-tools-for-stm32.14.3.rel1.win32_1.0.100.202602081740/tools/bin/../lib/gcc/arm-none-eabi/14.3.1/thumb/v7e-m+dp/hard/crtbegin.o
                0x08002db4                        PROVIDE (__init_array_end = .)
                0x08002db4                        . = ALIGN (0x4)

.fini_array     0x08002db4        0x4
                0x08002db4                        . = ALIGN (0x4)
                [!provide]                        PROVIDE (__fini_array_start = .)
 *(SORT_BY_NAME(.fini_array.*))
 *(.fini_array*)
 .fini_array    0x08002db4        0x4 C:/ST/STM32CubeIDE_2.1.1/STM32CubeIDE/plugins/com.st.stm32cube.ide.mcu.externaltools.gnu-tools-for-stm32.14.3.rel1.win32_1.0.100.202602081740/tools/bin/../lib/gcc/arm-none-eabi/14.3.1/thumb/v7e-m+dp/hard/crtbegin.o
                [!provide]                        PROVIDE (__fini_array_end = .)
                0x08002db8                        . = ALIGN (0x4)
                0x08002db8                        _sidata = LOADADDR (.data)

.rel.dyn        0x08002db8        0x0
 .rel.iplt      0x08002db8        0x0 C:/ST/STM32CubeIDE_2.1.1/STM32CubeIDE/plugins/com.st.stm32cube.ide.mcu.externaltools.gnu-tools-for-stm32.14.3.rel1.win32_1.0.100.202602081740/tools/bin/../lib/gcc/arm-none-eabi/14.3.1/thumb/v7e-m+dp/hard/crtbegin.o

.data           0x24000000       0x10 load address 0x08002db8
                0x24000000                        . = ALIGN (0x4)
                0x24000000                        _sdata = .
 *(.data)
 *(.data*)
 .data.SystemCoreClock
                0x24000000        0x4 ./Common/Src/system_stm32h7xx_dualcore_boot_cm4_cm7.o
                0x24000000                SystemCoreClock
 .data.SystemD2Clock
                0x24000004        0x4 ./Common/Src/system_stm32h7xx_dualcore_boot_cm4_cm7.o
                0x24000004                SystemD2Clock
 .data.uwTickPrio
                0x24000008        0x4 ./Drivers/STM32H7xx_HAL_Driver/stm32h7xx_hal.o
                0x24000008                uwTickPrio
 .data.uwTickFreq
                0x2400000c        0x1 ./Drivers/STM32H7xx_HAL_Driver/stm32h7xx_hal.o
                0x2400000c                uwTickFreq
 *(.RamFunc)
 *(.RamFunc*)
                0x24000010                        . = ALIGN (0x4)
 *fill*         0x2400000d        0x3 
                0x24000010                        _edata = .

.igot.plt       0x24000010        0x0 load address 0x08002dc8
 .igot.plt      0x24000010        0x0 C:/ST/STM32CubeIDE_2.1.1/STM32CubeIDE/plugins/com.st.stm32cube.ide.mcu.externaltools.gnu-tools-for-stm32.14.3.rel1.win32_1.0.100.202602081740/tools/bin/../lib/gcc/arm-none-eabi/14.3.1/thumb/v7e-m+dp/hard/crtbegin.o
                0x24000010                        . = ALIGN (0x4)

.bss            0x24000010       0x78 load address 0x08002dc8
                0x24000010                        _sbss = .
                0x24000010                        __bss_start__ = _sbss
 *(.bss)
 .bss           0x24000010       0x1c C:/ST/STM32CubeIDE_2.1.1/STM32CubeIDE/plugins/com.st.stm32cube.ide.mcu.externaltools.gnu-tools-for-stm32.14.3.rel1.win32_1.0.100.202602081740/tools/bin/../lib/gcc/arm-none-eabi/14.3.1/thumb/v7e-m+dp/hard/crtbegin.o
 *(.bss*)
 .bss.htim3     0x2400002c       0x4c ./Core/Src/tim.o
                0x2400002c                htim3
 .bss.uwTick    0x24000078        0x4 ./Drivers/STM32H7xx_HAL_Driver/stm32h7xx_hal.o
                0x24000078                uwTick
 .bss.MiniEcu_LastTickMs
                0x2400007c        0x4 ./Platform/Src/MiniEcu.o
 .bss.Scheduler_TickCounterMs
                0x24000080        0x4 ./Service/Src/Scheduler.o
 .bss.Scheduler_App500msFlag
                0x24000084        0x1 ./Service/Src/Scheduler.o
 .bss.Scheduler_App1000msFlag
                0x24000085        0x1 ./Service/Src/Scheduler.o
 *(COMMON)
                0x24000088                        . = ALIGN (0x4)
 *fill*         0x24000086        0x2 
                0x24000088                        _ebss = .
                0x24000088                        __bss_end__ = _ebss

._user_heap_stack
                0x24000088      0x600 load address 0x08002dc8
                0x24000088                        . = ALIGN (0x8)
                [!provide]                        PROVIDE (end = .)
                0x24000088                        PROVIDE (_end = .)
                0x24000288                        . = (. + _Min_Heap_Size)
 *fill*         0x24000088      0x200 
                0x24000688                        . = (. + _Min_Stack_Size)
 *fill*         0x24000288      0x400 
                0x24000688                        . = ALIGN (0x8)

/DISCARD/
 libc.a(*)
 libm.a(*)
 libgcc.a(*)

.ARM.attributes
                0x00000000       0x2e
 *(.ARM.attributes)
 .ARM.attributes
                0x00000000       0x20 C:/ST/STM32CubeIDE_2.1.1/STM32CubeIDE/plugins/com.st.stm32cube.ide.mcu.externaltools.gnu-tools-for-stm32.14.3.rel1.win32_1.0.100.202602081740/tools/bin/../lib/gcc/arm-none-eabi/14.3.1/thumb/v7e-m+dp/hard/crti.o
 .ARM.attributes
                0x00000020       0x32 C:/ST/STM32CubeIDE_2.1.1/STM32CubeIDE/plugins/com.st.stm32cube.ide.mcu.externaltools.gnu-tools-for-stm32.14.3.rel1.win32_1.0.100.202602081740/tools/bin/../lib/gcc/arm-none-eabi/14.3.1/thumb/v7e-m+dp/hard/crtbegin.o
 .ARM.attributes
                0x00000052       0x32 ./App/Src/App.o
 .ARM.attributes
                0x00000084       0x32 ./Common/Src/system_stm32h7xx_dualcore_boot_cm4_cm7.o
 .ARM.attributes
                0x000000b6       0x32 ./Config/McalGpio_Cfg.o
 .ARM.attributes
                0x000000e8       0x32 ./Core/Src/gpio.o
 .ARM.attributes
                0x0000011a       0x32 ./Core/Src/main.o
 .ARM.attributes
                0x0000014c       0x32 ./Core/Src/stm32h7xx_hal_msp.o
 .ARM.attributes
                0x0000017e       0x32 ./Core/Src/stm32h7xx_it.o
 .ARM.attributes
                0x000001b0       0x32 ./Core/Src/tim.o
 .ARM.attributes
                0x000001e2       0x21 ./Core/Startup/startup_stm32h745xihx.o
 .ARM.attributes
                0x00000203       0x32 ./Drivers/STM32H7xx_HAL_Driver/stm32h7xx_hal.o
 .ARM.attributes
                0x00000235       0x32 ./Drivers/STM32H7xx_HAL_Driver/stm32h7xx_hal_cortex.o
 .ARM.attributes
                0x00000267       0x32 ./Drivers/STM32H7xx_HAL_Driver/stm32h7xx_hal_gpio.o
 .ARM.attributes
                0x00000299       0x32 ./Drivers/STM32H7xx_HAL_Driver/stm32h7xx_hal_hsem.o
 .ARM.attributes
                0x000002cb       0x32 ./Drivers/STM32H7xx_HAL_Driver/stm32h7xx_hal_pwr_ex.o
 .ARM.attributes
                0x000002fd       0x32 ./Drivers/STM32H7xx_HAL_Driver/stm32h7xx_hal_rcc.o
 .ARM.attributes
                0x0000032f       0x32 ./Drivers/STM32H7xx_HAL_Driver/stm32h7xx_hal_tim.o
 .ARM.attributes
                0x00000361       0x32 ./Drivers/STM32H7xx_HAL_Driver/stm32h7xx_hal_tim_ex.o
 .ARM.attributes
                0x00000393       0x32 ./Mcal/Src/McalGpio.o
 .ARM.attributes
                0x000003c5       0x32 ./Mcal/Src/McalTime.o
 .ARM.attributes
                0x000003f7       0x32 ./Platform/Src/MiniEcu.o
 .ARM.attributes
                0x00000429       0x32 ./Service/Src/Scheduler.o
 .ARM.attributes
                0x0000045b       0x32 C:/ST/STM32CubeIDE_2.1.1/STM32CubeIDE/plugins/com.st.stm32cube.ide.mcu.externaltools.gnu-tools-for-stm32.14.3.rel1.win32_1.0.100.202602081740/tools/bin/../lib/gcc/arm-none-eabi/14.3.1/../../../../arm-none-eabi/lib/thumb/v7e-m+dp/hard\libc_nano.a(libc_a-memset.o)
 .ARM.attributes
                0x0000048d       0x32 C:/ST/STM32CubeIDE_2.1.1/STM32CubeIDE/plugins/com.st.stm32cube.ide.mcu.externaltools.gnu-tools-for-stm32.14.3.rel1.win32_1.0.100.202602081740/tools/bin/../lib/gcc/arm-none-eabi/14.3.1/../../../../arm-none-eabi/lib/thumb/v7e-m+dp/hard\libc_nano.a(libc_a-init.o)
 .ARM.attributes
                0x000004bf       0x20 C:/ST/STM32CubeIDE_2.1.1/STM32CubeIDE/plugins/com.st.stm32cube.ide.mcu.externaltools.gnu-tools-for-stm32.14.3.rel1.win32_1.0.100.202602081740/tools/bin/../lib/gcc/arm-none-eabi/14.3.1/thumb/v7e-m+dp/hard/crtn.o
OUTPUT(STM32H745_Automotive_CM7.elf elf32-littlearm)
LOAD linker stubs
LOAD C:/ST/STM32CubeIDE_2.1.1/STM32CubeIDE/plugins/com.st.stm32cube.ide.mcu.externaltools.gnu-tools-for-stm32.14.3.rel1.win32_1.0.100.202602081740/tools/bin/../lib/gcc/arm-none-eabi/14.3.1/../../../../arm-none-eabi/lib/thumb/v7e-m+dp/hard\libc.a
LOAD C:/ST/STM32CubeIDE_2.1.1/STM32CubeIDE/plugins/com.st.stm32cube.ide.mcu.externaltools.gnu-tools-for-stm32.14.3.rel1.win32_1.0.100.202602081740/tools/bin/../lib/gcc/arm-none-eabi/14.3.1/../../../../arm-none-eabi/lib/thumb/v7e-m+dp/hard\libm.a
LOAD C:/ST/STM32CubeIDE_2.1.1/STM32CubeIDE/plugins/com.st.stm32cube.ide.mcu.externaltools.gnu-tools-for-stm32.14.3.rel1.win32_1.0.100.202602081740/tools/bin/../lib/gcc/arm-none-eabi/14.3.1/thumb/v7e-m+dp/hard\libgcc.a

.debug_info     0x00000000     0xebb3
 .debug_info    0x00000000      0x101 ./App/Src/App.o
 .debug_info    0x00000101      0xe82 ./Common/Src/system_stm32h7xx_dualcore_boot_cm4_cm7.o
 .debug_info    0x00000f83      0x20b ./Config/McalGpio_Cfg.o
 .debug_info    0x0000118e      0x5fc ./Core/Src/gpio.o
 .debug_info    0x0000178a     0x12a4 ./Core/Src/main.o
 .debug_info    0x00002a2e      0x464 ./Core/Src/stm32h7xx_hal_msp.o
 .debug_info    0x00002e92      0x81d ./Core/Src/stm32h7xx_it.o
 .debug_info    0x000036af     0x10ce ./Core/Src/tim.o
 .debug_info    0x0000477d       0x30 ./Core/Startup/startup_stm32h745xihx.o
 .debug_info    0x000047ad     0x1774 ./Drivers/STM32H7xx_HAL_Driver/stm32h7xx_hal.o
 .debug_info    0x00005f21     0x10dc ./Drivers/STM32H7xx_HAL_Driver/stm32h7xx_hal_cortex.o
 .debug_info    0x00006ffd      0xd06 ./Drivers/STM32H7xx_HAL_Driver/stm32h7xx_hal_gpio.o
 .debug_info    0x00007d03      0x3d3 ./Drivers/STM32H7xx_HAL_Driver/stm32h7xx_hal_hsem.o
 .debug_info    0x000080d6     0x1224 ./Drivers/STM32H7xx_HAL_Driver/stm32h7xx_hal_pwr_ex.o
 .debug_info    0x000092fa      0xe71 ./Drivers/STM32H7xx_HAL_Driver/stm32h7xx_hal_rcc.o
 .debug_info    0x0000a16b     0x2bae ./Drivers/STM32H7xx_HAL_Driver/stm32h7xx_hal_tim.o
 .debug_info    0x0000cd19     0x17eb ./Drivers/STM32H7xx_HAL_Driver/stm32h7xx_hal_tim_ex.o
 .debug_info    0x0000e504      0x32a ./Mcal/Src/McalGpio.o
 .debug_info    0x0000e82e      0x109 ./Mcal/Src/McalTime.o
 .debug_info    0x0000e937      0x121 ./Platform/Src/MiniEcu.o
 .debug_info    0x0000ea58      0x15b ./Service/Src/Scheduler.o

.debug_abbrev   0x00000000     0x23fa
 .debug_abbrev  0x00000000       0x8b ./App/Src/App.o
 .debug_abbrev  0x0000008b      0x165 ./Common/Src/system_stm32h7xx_dualcore_boot_cm4_cm7.o
 .debug_abbrev  0x000001f0       0xff ./Config/McalGpio_Cfg.o
 .debug_abbrev  0x000002ef      0x189 ./Core/Src/gpio.o
 .debug_abbrev  0x00000478      0x2ee ./Core/Src/main.o
 .debug_abbrev  0x00000766       0xdb ./Core/Src/stm32h7xx_hal_msp.o
 .debug_abbrev  0x00000841      0x190 ./Core/Src/stm32h7xx_it.o
 .debug_abbrev  0x000009d1      0x215 ./Core/Src/tim.o
 .debug_abbrev  0x00000be6       0x24 ./Core/Startup/startup_stm32h745xihx.o
 .debug_abbrev  0x00000c0a      0x295 ./Drivers/STM32H7xx_HAL_Driver/stm32h7xx_hal.o
 .debug_abbrev  0x00000e9f      0x339 ./Drivers/STM32H7xx_HAL_Driver/stm32h7xx_hal_cortex.o
 .debug_abbrev  0x000011d8      0x205 ./Drivers/STM32H7xx_HAL_Driver/stm32h7xx_hal_gpio.o
 .debug_abbrev  0x000013dd      0x1d3 ./Drivers/STM32H7xx_HAL_Driver/stm32h7xx_hal_hsem.o
 .debug_abbrev  0x000015b0      0x2d7 ./Drivers/STM32H7xx_HAL_Driver/stm32h7xx_hal_pwr_ex.o
 .debug_abbrev  0x00001887      0x2c8 ./Drivers/STM32H7xx_HAL_Driver/stm32h7xx_hal_rcc.o
 .debug_abbrev  0x00001b4f      0x276 ./Drivers/STM32H7xx_HAL_Driver/stm32h7xx_hal_tim.o
 .debug_abbrev  0x00001dc5      0x281 ./Drivers/STM32H7xx_HAL_Driver/stm32h7xx_hal_tim_ex.o
 .debug_abbrev  0x00002046      0x1bc ./Mcal/Src/McalGpio.o
 .debug_abbrev  0x00002202       0xb1 ./Mcal/Src/McalTime.o
 .debug_abbrev  0x000022b3       0xaa ./Platform/Src/MiniEcu.o
 .debug_abbrev  0x0000235d       0x9d ./Service/Src/Scheduler.o

.debug_aranges  0x00000000      0xdd0
 .debug_aranges
                0x00000000       0x30 ./App/Src/App.o
 .debug_aranges
                0x00000030       0x30 ./Common/Src/system_stm32h7xx_dualcore_boot_cm4_cm7.o
 .debug_aranges
                0x00000060       0x18 ./Config/McalGpio_Cfg.o
 .debug_aranges
                0x00000078       0x20 ./Core/Src/gpio.o
 .debug_aranges
                0x00000098       0x40 ./Core/Src/main.o
 .debug_aranges
                0x000000d8       0x20 ./Core/Src/stm32h7xx_hal_msp.o
 .debug_aranges
                0x000000f8       0x68 ./Core/Src/stm32h7xx_it.o
 .debug_aranges
                0x00000160       0x30 ./Core/Src/tim.o
 .debug_aranges
                0x00000190       0x28 ./Core/Startup/startup_stm32h745xihx.o
 .debug_aranges
                0x000001b8      0x200 ./Drivers/STM32H7xx_HAL_Driver/stm32h7xx_hal.o
 .debug_aranges
                0x000003b8      0x130 ./Drivers/STM32H7xx_HAL_Driver/stm32h7xx_hal_cortex.o
 .debug_aranges
                0x000004e8       0x58 ./Drivers/STM32H7xx_HAL_Driver/stm32h7xx_hal_gpio.o
 .debug_aranges
                0x00000540       0x70 ./Drivers/STM32H7xx_HAL_Driver/stm32h7xx_hal_hsem.o
 .debug_aranges
                0x000005b0      0x170 ./Drivers/STM32H7xx_HAL_Driver/stm32h7xx_hal_pwr_ex.o
 .debug_aranges
                0x00000720       0x88 ./Drivers/STM32H7xx_HAL_Driver/stm32h7xx_hal_rcc.o
 .debug_aranges
                0x000007a8      0x3e0 ./Drivers/STM32H7xx_HAL_Driver/stm32h7xx_hal_tim.o
 .debug_aranges
                0x00000b88      0x188 ./Drivers/STM32H7xx_HAL_Driver/stm32h7xx_hal_tim_ex.o
 .debug_aranges
                0x00000d10       0x38 ./Mcal/Src/McalGpio.o
 .debug_aranges
                0x00000d48       0x28 ./Mcal/Src/McalTime.o
 .debug_aranges
                0x00000d70       0x28 ./Platform/Src/MiniEcu.o
 .debug_aranges
                0x00000d98       0x38 ./Service/Src/Scheduler.o

.debug_rnglists
                0x00000000      0xa6a
 .debug_rnglists
                0x00000000       0x1f ./App/Src/App.o
 .debug_rnglists
                0x0000001f       0x21 ./Common/Src/system_stm32h7xx_dualcore_boot_cm4_cm7.o
 .debug_rnglists
                0x00000040       0x14 ./Core/Src/gpio.o
 .debug_rnglists
                0x00000054       0x2d ./Core/Src/main.o
 .debug_rnglists
                0x00000081       0x13 ./Core/Src/stm32h7xx_hal_msp.o
 .debug_rnglists
                0x00000094       0x49 ./Core/Src/stm32h7xx_it.o
 .debug_rnglists
                0x000000dd       0x20 ./Core/Src/tim.o
 .debug_rnglists
                0x000000fd       0x19 ./Core/Startup/startup_stm32h745xihx.o
 .debug_rnglists
                0x00000116      0x180 ./Drivers/STM32H7xx_HAL_Driver/stm32h7xx_hal.o
 .debug_rnglists
                0x00000296       0xe0 ./Drivers/STM32H7xx_HAL_Driver/stm32h7xx_hal_cortex.o
 .debug_rnglists
                0x00000376       0x3f ./Drivers/STM32H7xx_HAL_Driver/stm32h7xx_hal_gpio.o
 .debug_rnglists
                0x000003b5       0x4f ./Drivers/STM32H7xx_HAL_Driver/stm32h7xx_hal_hsem.o
 .debug_rnglists
                0x00000404      0x117 ./Drivers/STM32H7xx_HAL_Driver/stm32h7xx_hal_pwr_ex.o
 .debug_rnglists
                0x0000051b       0x68 ./Drivers/STM32H7xx_HAL_Driver/stm32h7xx_hal_rcc.o
 .debug_rnglists
                0x00000583      0x32c ./Drivers/STM32H7xx_HAL_Driver/stm32h7xx_hal_tim.o
 .debug_rnglists
                0x000008af      0x13f ./Drivers/STM32H7xx_HAL_Driver/stm32h7xx_hal_tim_ex.o
 .debug_rnglists
                0x000009ee       0x25 ./Mcal/Src/McalGpio.o
 .debug_rnglists
                0x00000a13       0x19 ./Mcal/Src/McalTime.o
 .debug_rnglists
                0x00000a2c       0x19 ./Platform/Src/MiniEcu.o
 .debug_rnglists
                0x00000a45       0x25 ./Service/Src/Scheduler.o

.debug_macro    0x00000000    0x3a673
 .debug_macro   0x00000000      0x2f9 ./App/Src/App.o
 .debug_macro   0x000002f9      0xafc ./App/Src/App.o
 .debug_macro   0x00000df5       0x22 ./App/Src/App.o
 .debug_macro   0x00000e17       0x8e ./App/Src/App.o
 .debug_macro   0x00000ea5       0x51 ./App/Src/App.o
 .debug_macro   0x00000ef6      0x103 ./App/Src/App.o
 .debug_macro   0x00000ff9       0x6a ./App/Src/App.o
 .debug_macro   0x00001063      0x1df ./App/Src/App.o
 .debug_macro   0x00001242       0x10 ./App/Src/App.o
 .debug_macro   0x00001252       0x2e ./App/Src/App.o
 .debug_macro   0x00001280       0x10 ./App/Src/App.o
 .debug_macro   0x00001290      0x232 ./App/Src/App.o
 .debug_macro   0x000014c2       0x2e ./App/Src/App.o
 .debug_macro   0x000014f0       0x49 ./App/Src/App.o
 .debug_macro   0x00001539       0x1c ./App/Src/App.o
 .debug_macro   0x00001555       0x22 ./App/Src/App.o
 .debug_macro   0x00001577       0xfb ./App/Src/App.o
 .debug_macro   0x00001672     0x1313 ./App/Src/App.o
 .debug_macro   0x00002985      0x11f ./App/Src/App.o
 .debug_macro   0x00002aa4       0x22 ./App/Src/App.o
 .debug_macro   0x00002ac6    0x27085 ./App/Src/App.o
 .debug_macro   0x00029b4b       0x6d ./App/Src/App.o
 .debug_macro   0x00029bb8     0x3d79 ./App/Src/App.o
 .debug_macro   0x0002d931      0x190 ./App/Src/App.o
 .debug_macro   0x0002dac1       0x61 ./App/Src/App.o
 .debug_macro   0x0002db22       0x29 ./App/Src/App.o
 .debug_macro   0x0002db4b       0x43 ./App/Src/App.o
 .debug_macro   0x0002db8e       0x34 ./App/Src/App.o
 .debug_macro   0x0002dbc2      0x364 ./App/Src/App.o
 .debug_macro   0x0002df26       0x16 ./App/Src/App.o
 .debug_macro   0x0002df3c       0x4a ./App/Src/App.o
 .debug_macro   0x0002df86       0x34 ./App/Src/App.o
 .debug_macro   0x0002dfba       0x10 ./App/Src/App.o
 .debug_macro   0x0002dfca       0x58 ./App/Src/App.o
 .debug_macro   0x0002e022       0x8e ./App/Src/App.o
 .debug_macro   0x0002e0b0       0x1c ./App/Src/App.o
 .debug_macro   0x0002e0cc      0x17e ./App/Src/App.o
 .debug_macro   0x0002e24a      0x19b ./App/Src/App.o
 .debug_macro   0x0002e3e5       0x5d ./App/Src/App.o
 .debug_macro   0x0002e442     0x3a9d ./App/Src/App.o
 .debug_macro   0x00031edf     0x1072 ./App/Src/App.o
 .debug_macro   0x00032f51      0x154 ./App/Src/App.o
 .debug_macro   0x000330a5      0x130 ./App/Src/App.o
 .debug_macro   0x000331d5      0x3c2 ./App/Src/App.o
 .debug_macro   0x00033597       0xac ./App/Src/App.o
 .debug_macro   0x00033643      0x72d ./App/Src/App.o
 .debug_macro   0x00033d70      0x228 ./App/Src/App.o
 .debug_macro   0x00033f98       0x66 ./App/Src/App.o
 .debug_macro   0x00033ffe      0x3bb ./App/Src/App.o
 .debug_macro   0x000343b9      0x407 ./App/Src/App.o
 .debug_macro   0x000347c0      0x27c ./App/Src/App.o
 .debug_macro   0x00034a3c      0x3ca ./App/Src/App.o
 .debug_macro   0x00034e06      0x4a2 ./App/Src/App.o
 .debug_macro   0x000352a8       0x51 ./App/Src/App.o
 .debug_macro   0x000352f9       0x4a ./App/Src/App.o
 .debug_macro   0x00035343      0x22c ./App/Src/App.o
 .debug_macro   0x0003556f       0x67 ./App/Src/App.o
 .debug_macro   0x000355d6       0xa5 ./App/Src/App.o
 .debug_macro   0x0003567b      0x218 ./App/Src/App.o
 .debug_macro   0x00035893      0x2ea ./App/Src/App.o
 .debug_macro   0x00035b7d       0x35 ./App/Src/App.o
 .debug_macro   0x00035bb2      0xafa ./App/Src/App.o
 .debug_macro   0x000366ac      0x29f ./App/Src/App.o
 .debug_macro   0x0003694b      0x7a4 ./App/Src/App.o
 .debug_macro   0x000370ef       0x1c ./App/Src/App.o
 .debug_macro   0x0003710b       0x16 ./App/Src/App.o
 .debug_macro   0x00037121      0x2a0 ./Common/Src/system_stm32h7xx_dualcore_boot_cm4_cm7.o
 .debug_macro   0x000373c1      0x2e5 ./Config/McalGpio_Cfg.o
 .debug_macro   0x000376a6      0x2b9 ./Core/Src/gpio.o
 .debug_macro   0x0003795f      0x311 ./Core/Src/main.o
 .debug_macro   0x00037c70       0x16 ./Core/Src/main.o
 .debug_macro   0x00037c86       0x16 ./Core/Src/main.o
 .debug_macro   0x00037c9c      0x2af ./Core/Src/stm32h7xx_hal_msp.o
 .debug_macro   0x00037f4b      0x2b9 ./Core/Src/stm32h7xx_it.o
 .debug_macro   0x00038204      0x2b9 ./Core/Src/tim.o
 .debug_macro   0x000384bd      0x2ca ./Drivers/STM32H7xx_HAL_Driver/stm32h7xx_hal.o
 .debug_macro   0x00038787      0x2a0 ./Drivers/STM32H7xx_HAL_Driver/stm32h7xx_hal_cortex.o
 .debug_macro   0x00038a27      0x2b4 ./Drivers/STM32H7xx_HAL_Driver/stm32h7xx_hal_gpio.o
 .debug_macro   0x00038cdb      0x2b2 ./Drivers/STM32H7xx_HAL_Driver/stm32h7xx_hal_hsem.o
 .debug_macro   0x00038f8d      0x2d9 ./Drivers/STM32H7xx_HAL_Driver/stm32h7xx_hal_pwr_ex.o
 .debug_macro   0x00039266      0x2c4 ./Drivers/STM32H7xx_HAL_Driver/stm32h7xx_hal_rcc.o
 .debug_macro   0x0003952a      0x2a1 ./Drivers/STM32H7xx_HAL_Driver/stm32h7xx_hal_tim.o
 .debug_macro   0x000397cb      0x2a0 ./Drivers/STM32H7xx_HAL_Driver/stm32h7xx_hal_tim_ex.o
 .debug_macro   0x00039a6b      0x2e3 ./Mcal/Src/McalGpio.o
 .debug_macro   0x00039d4e       0x1c ./Mcal/Src/McalGpio.o
 .debug_macro   0x00039d6a      0x2d6 ./Mcal/Src/McalTime.o
 .debug_macro   0x0003a040      0x320 ./Platform/Src/MiniEcu.o
 .debug_macro   0x0003a360      0x313 ./Service/Src/Scheduler.o

.debug_line     0x00000000    0x13077
 .debug_line    0x00000000      0x96f ./App/Src/App.o
 .debug_line    0x0000096f      0xb39 ./Common/Src/system_stm32h7xx_dualcore_boot_cm4_cm7.o
 .debug_line    0x000014a8      0x8ff ./Config/McalGpio_Cfg.o
 .debug_line    0x00001da7      0x8e7 ./Core/Src/gpio.o
 .debug_line    0x0000268e      0xaa3 ./Core/Src/main.o
 .debug_line    0x00003131      0x8ca ./Core/Src/stm32h7xx_hal_msp.o
 .debug_line    0x000039fb      0x992 ./Core/Src/stm32h7xx_it.o
 .debug_line    0x0000438d      0x945 ./Core/Src/tim.o
 .debug_line    0x00004cd2       0x7b ./Core/Startup/startup_stm32h745xihx.o
 .debug_line    0x00004d4d     0x1047 ./Drivers/STM32H7xx_HAL_Driver/stm32h7xx_hal.o
 .debug_line    0x00005d94      0xed7 ./Drivers/STM32H7xx_HAL_Driver/stm32h7xx_hal_cortex.o
 .debug_line    0x00006c6b      0xd7e ./Drivers/STM32H7xx_HAL_Driver/stm32h7xx_hal_gpio.o
 .debug_line    0x000079e9      0xa83 ./Drivers/STM32H7xx_HAL_Driver/stm32h7xx_hal_hsem.o
 .debug_line    0x0000846c     0x11b0 ./Drivers/STM32H7xx_HAL_Driver/stm32h7xx_hal_pwr_ex.o
 .debug_line    0x0000961c     0x158c ./Drivers/STM32H7xx_HAL_Driver/stm32h7xx_hal_rcc.o
 .debug_line    0x0000aba8     0x40bd ./Drivers/STM32H7xx_HAL_Driver/stm32h7xx_hal_tim.o
 .debug_line    0x0000ec65     0x1dab ./Drivers/STM32H7xx_HAL_Driver/stm32h7xx_hal_tim_ex.o
 .debug_line    0x00010a10      0x9ae ./Mcal/Src/McalGpio.o
 .debug_line    0x000113be      0x919 ./Mcal/Src/McalTime.o
 .debug_line    0x00011cd7      0x9b9 ./Platform/Src/MiniEcu.o
 .debug_line    0x00012690      0x9e7 ./Service/Src/Scheduler.o

.debug_str      0x00000000   0x17d14b
 .debug_str     0x00000000   0x17d14b ./App/Src/App.o
                             0x1788f5 (size before relaxing)
 .debug_str     0x0017d14b   0x178cc5 ./Common/Src/system_stm32h7xx_dualcore_boot_cm4_cm7.o
 .debug_str     0x0017d14b   0x178929 ./Config/McalGpio_Cfg.o
 .debug_str     0x0017d14b   0x178995 ./Core/Src/gpio.o
 .debug_str     0x0017d14b   0x1795a2 ./Core/Src/main.o
 .debug_str     0x0017d14b   0x1788ca ./Core/Src/stm32h7xx_hal_msp.o
 .debug_str     0x0017d14b   0x178da4 ./Core/Src/stm32h7xx_it.o
 .debug_str     0x0017d14b   0x179938 ./Core/Src/tim.o
 .debug_str     0x0017d14b       0x93 ./Core/Startup/startup_stm32h745xihx.o
 .debug_str     0x0017d14b   0x179d1c ./Drivers/STM32H7xx_HAL_Driver/stm32h7xx_hal.o
 .debug_str     0x0017d14b   0x17958a ./Drivers/STM32H7xx_HAL_Driver/stm32h7xx_hal_cortex.o
 .debug_str     0x0017d14b   0x178c1d ./Drivers/STM32H7xx_HAL_Driver/stm32h7xx_hal_gpio.o
 .debug_str     0x0017d14b   0x1788a8 ./Drivers/STM32H7xx_HAL_Driver/stm32h7xx_hal_hsem.o
 .debug_str     0x0017d14b   0x17912f ./Drivers/STM32H7xx_HAL_Driver/stm32h7xx_hal_pwr_ex.o
 .debug_str     0x0017d14b   0x178f9e ./Drivers/STM32H7xx_HAL_Driver/stm32h7xx_hal_rcc.o
 .debug_str     0x0017d14b   0x179d2a ./Drivers/STM32H7xx_HAL_Driver/stm32h7xx_hal_tim.o
 .debug_str     0x0017d14b   0x179652 ./Drivers/STM32H7xx_HAL_Driver/stm32h7xx_hal_tim_ex.o
 .debug_str     0x0017d14b   0x178a3e ./Mcal/Src/McalGpio.o
 .debug_str     0x0017d14b   0x178830 ./Mcal/Src/McalTime.o
 .debug_str     0x0017d14b   0x1789bd ./Platform/Src/MiniEcu.o
 .debug_str     0x0017d14b   0x1789c3 ./Service/Src/Scheduler.o

.comment        0x00000000       0x43
 .comment       0x00000000       0x43 ./App/Src/App.o
                                 0x44 (size before relaxing)
 .comment       0x00000043       0x44 ./Common/Src/system_stm32h7xx_dualcore_boot_cm4_cm7.o
 .comment       0x00000043       0x44 ./Config/McalGpio_Cfg.o
 .comment       0x00000043       0x44 ./Core/Src/gpio.o
 .comment       0x00000043       0x44 ./Core/Src/main.o
 .comment       0x00000043       0x44 ./Core/Src/stm32h7xx_hal_msp.o
 .comment       0x00000043       0x44 ./Core/Src/stm32h7xx_it.o
 .comment       0x00000043       0x44 ./Core/Src/tim.o
 .comment       0x00000043       0x44 ./Drivers/STM32H7xx_HAL_Driver/stm32h7xx_hal.o
 .comment       0x00000043       0x44 ./Drivers/STM32H7xx_HAL_Driver/stm32h7xx_hal_cortex.o
 .comment       0x00000043       0x44 ./Drivers/STM32H7xx_HAL_Driver/stm32h7xx_hal_gpio.o
 .comment       0x00000043       0x44 ./Drivers/STM32H7xx_HAL_Driver/stm32h7xx_hal_hsem.o
 .comment       0x00000043       0x44 ./Drivers/STM32H7xx_HAL_Driver/stm32h7xx_hal_pwr_ex.o
 .comment       0x00000043       0x44 ./Drivers/STM32H7xx_HAL_Driver/stm32h7xx_hal_rcc.o
 .comment       0x00000043       0x44 ./Drivers/STM32H7xx_HAL_Driver/stm32h7xx_hal_tim.o
 .comment       0x00000043       0x44 ./Drivers/STM32H7xx_HAL_Driver/stm32h7xx_hal_tim_ex.o
 .comment       0x00000043       0x44 ./Mcal/Src/McalGpio.o
 .comment       0x00000043       0x44 ./Mcal/Src/McalTime.o
 .comment       0x00000043       0x44 ./Platform/Src/MiniEcu.o
 .comment       0x00000043       0x44 ./Service/Src/Scheduler.o

.debug_frame    0x00000000     0x3380
 .debug_frame   0x00000000       0x64 ./App/Src/App.o
 .debug_frame   0x00000064       0x60 ./Common/Src/system_stm32h7xx_dualcore_boot_cm4_cm7.o
 .debug_frame   0x000000c4       0x34 ./Core/Src/gpio.o
 .debug_frame   0x000000f8       0xb4 ./Core/Src/main.o
 .debug_frame   0x000001ac       0x34 ./Core/Src/stm32h7xx_hal_msp.o
 .debug_frame   0x000001e0      0x114 ./Core/Src/stm32h7xx_it.o
 .debug_frame   0x000002f4       0x7c ./Core/Src/tim.o
 .debug_frame   0x00000370      0x76c ./Drivers/STM32H7xx_HAL_Driver/stm32h7xx_hal.o
 .debug_frame   0x00000adc      0x4b8 ./Drivers/STM32H7xx_HAL_Driver/stm32h7xx_hal_cortex.o
 .debug_frame   0x00000f94      0x130 ./Drivers/STM32H7xx_HAL_Driver/stm32h7xx_hal_gpio.o
 .debug_frame   0x000010c4      0x194 ./Drivers/STM32H7xx_HAL_Driver/stm32h7xx_hal_hsem.o
 .debug_frame   0x00001258      0x56c ./Drivers/STM32H7xx_HAL_Driver/stm32h7xx_hal_pwr_ex.o
 .debug_frame   0x000017c4      0x1e4 ./Drivers/STM32H7xx_HAL_Driver/stm32h7xx_hal_rcc.o
 .debug_frame   0x000019a8     0x1144 ./Drivers/STM32H7xx_HAL_Driver/stm32h7xx_hal_tim.o
 .debug_frame   0x00002aec      0x690 ./Drivers/STM32H7xx_HAL_Driver/stm32h7xx_hal_tim_ex.o
 .debug_frame   0x0000317c       0x98 ./Mcal/Src/McalGpio.o
 .debug_frame   0x00003214       0x50 ./Mcal/Src/McalTime.o
 .debug_frame   0x00003264       0x50 ./Platform/Src/MiniEcu.o
 .debug_frame   0x000032b4       0x80 ./Service/Src/Scheduler.o
 .debug_frame   0x00003334       0x20 C:/ST/STM32CubeIDE_2.1.1/STM32CubeIDE/plugins/com.st.stm32cube.ide.mcu.externaltools.gnu-tools-for-stm32.14.3.rel1.win32_1.0.100.202602081740/tools/bin/../lib/gcc/arm-none-eabi/14.3.1/../../../../arm-none-eabi/lib/thumb/v7e-m+dp/hard\libc_nano.a(libc_a-memset.o)
 .debug_frame   0x00003354       0x2c C:/ST/STM32CubeIDE_2.1.1/STM32CubeIDE/plugins/com.st.stm32cube.ide.mcu.externaltools.gnu-tools-for-stm32.14.3.rel1.win32_1.0.100.202602081740/tools/bin/../lib/gcc/arm-none-eabi/14.3.1/../../../../arm-none-eabi/lib/thumb/v7e-m+dp/hard\libc_nano.a(libc_a-init.o)

.debug_line_str
                0x00000000       0x77
 .debug_line_str
                0x00000000       0x77 ./Core/Startup/startup_stm32h745xihx.o
